src/services/repository.service.ts(17,20): error TS2307: Cannot find module 'p-limit' or its corresponding type declarations.
